[demo.web3canvas.com/themeforest/tomato/index.html]
[backblue.gif]
[fade.gif]
[index.html]
[demo.web3canvas.com/cdn-cgi/apps/head/OkbNSnEV_PNHTKP2_EYPrFNyZ8Q.js]
[demo.web3canvas.com/themeforest/tomato/img/favicon.ico]
[demo.web3canvas.com/themeforest/tomato/css/bootstrap.min.css]
[demo.web3canvas.com/themeforest/tomato/css/font-awesome/css/font-awesome.css]
[demo.web3canvas.com/themeforest/tomato/css/plugin.css]
[connect.facebook.net/en_US/fbevents.js]
[demo.web3canvas.com/themeforest/tomato/css/main.css]
[demo.web3canvas.com/themeforest/tomato/img/preloader.svg]
[demo.web3canvas.com/themeforest/tomato/img/nav-logo.png]
[demo.web3canvas.com/themeforest/tomato/index_slider.html]
[demo.web3canvas.com/themeforest/tomato/index_video.html]
[demo.web3canvas.com/themeforest/tomato/index_parallax.html]
[demo.web3canvas.com/themeforest/tomato/index_animation.html]
[demo.web3canvas.com/themeforest/tomato/menu_all.html]
[demo.web3canvas.com/themeforest/tomato/menu_list.html]
[demo.web3canvas.com/themeforest/tomato/menu_overlay.html]
[demo.web3canvas.com/themeforest/tomato/menu_tile.html]
[demo.web3canvas.com/themeforest/tomato/menu_grid.html]
[demo.web3canvas.com/themeforest/tomato/reservation.html]
[demo.web3canvas.com/themeforest/tomato/reservation-ot.html]
[demo.web3canvas.com/themeforest/tomato/about.html]
[demo.web3canvas.com/themeforest/tomato/gallery.html]
[demo.web3canvas.com/themeforest/tomato/elements.html]
[demo.web3canvas.com/themeforest/tomato/shop_account.html]
[demo.web3canvas.com/themeforest/tomato/404.html]
[demo.web3canvas.com/themeforest/tomato/recipe.html]
[demo.web3canvas.com/themeforest/tomato/recipe_3col.html]
[demo.web3canvas.com/themeforest/tomato/recipe_4col.html]
[demo.web3canvas.com/themeforest/tomato/recipe_masonry.html]
[demo.web3canvas.com/themeforest/tomato/recipe_detail-image.html]
[demo.web3canvas.com/themeforest/tomato/recipe_detail-video.html]
[demo.web3canvas.com/themeforest/tomato/recipe_detail-slider.html]
[demo.web3canvas.com/themeforest/tomato/blog_right_sidebar.html]
[demo.web3canvas.com/themeforest/tomato/blog_left_sidebar.html]
[demo.web3canvas.com/themeforest/tomato/blog_fullwidth.html]
[demo.web3canvas.com/themeforest/tomato/blog_masonry.html]
[demo.web3canvas.com/themeforest/tomato/blog_single_image.html]
[demo.web3canvas.com/themeforest/tomato/blog_single_slider.html]
[demo.web3canvas.com/themeforest/tomato/blog_single_video.html]
[demo.web3canvas.com/themeforest/tomato/shop_fullwidth.html]
[demo.web3canvas.com/themeforest/tomato/shop_left_sidebar.html]
[demo.web3canvas.com/themeforest/tomato/shop_right_sidebar.html]
[demo.web3canvas.com/themeforest/tomato/shop_single_full.html]
[demo.web3canvas.com/themeforest/tomato/shop_single_left.html]
[demo.web3canvas.com/themeforest/tomato/shop_single_right.html]
[demo.web3canvas.com/themeforest/tomato/shop_cart.html]
[demo.web3canvas.com/themeforest/tomato/shop_checkout.html]
[demo.web3canvas.com/themeforest/tomato/shop_account_detail.html]
[demo.web3canvas.com/themeforest/tomato/contact.html]
[demo.web3canvas.com/themeforest/tomato/img/cart-img1.jpg]
[demo.web3canvas.com/themeforest/tomato/img/cart-img2.jpg]
[demo.web3canvas.com/themeforest/tomato/img/logo.png]
[demo.web3canvas.com/themeforest/tomato/img/arrow-down.png]
[demo.web3canvas.com/themeforest/tomato/img/thumb1.png]
[demo.web3canvas.com/themeforest/tomato/img/thumb2.png]
[demo.web3canvas.com/themeforest/tomato/img/thumb3.png]
[demo.web3canvas.com/themeforest/tomato/img/signature.png]
[demo.web3canvas.com/themeforest/tomato/img/thumb4.png]
[demo.web3canvas.com/themeforest/tomato/img/right-arrow.png]
[demo.web3canvas.com/themeforest/tomato/img/left-arrow.png]
[demo.web3canvas.com/themeforest/tomato/img/thumb5.png]
[demo.web3canvas.com/themeforest/tomato/img/thumb6.png]
[demo.web3canvas.com/themeforest/tomato/img/thumb7.png]
[demo.web3canvas.com/themeforest/tomato/img/sponsor/foodsquare.png]
[demo.web3canvas.com/themeforest/tomato/img/sponsor/opentable.png]
[demo.web3canvas.com/themeforest/tomato/img/sponsor/tripadvisor.png]
[demo.web3canvas.com/themeforest/tomato/img/sponsor/zomato.png]
[demo.web3canvas.com/themeforest/tomato/img/quote.png]
[demo.web3canvas.com/themeforest/tomato/img/thumb8.png]
[demo.web3canvas.com/themeforest/tomato/img/thumb9.png]
[demo.web3canvas.com/cdn-cgi/scripts/5c5dd728/cloudflare-static/email-decode.min.js]
[demo.web3canvas.com/themeforest/tomato/js/vendor/jquery-1.11.2.min.js]
[demo.web3canvas.com/themeforest/tomato/js/vendor/bootstrap.min.js]
[demo.web3canvas.com/themeforest/tomato/js/vendor/jquery.flexslider-min.js]
[demo.web3canvas.com/themeforest/tomato/js/vendor/spectragram.js]
[demo.web3canvas.com/themeforest/tomato/js/vendor/owl.carousel.min.js]
[demo.web3canvas.com/themeforest/tomato/js/vendor/velocity.min.js]
[demo.web3canvas.com/themeforest/tomato/js/vendor/velocity.ui.min.js]
[demo.web3canvas.com/themeforest/tomato/js/vendor/bootstrap-datepicker.min.js]
[demo.web3canvas.com/themeforest/tomato/js/vendor/bootstrap-clockpicker.min.js]
[demo.web3canvas.com/themeforest/tomato/js/vendor/jquery.magnific-popup.min.js]
[demo.web3canvas.com/themeforest/tomato/js/vendor/isotope.pkgd.min.js]
[demo.web3canvas.com/themeforest/tomato/js/vendor/slick.min.js]
[demo.web3canvas.com/themeforest/tomato/js/vendor/wow.min.js]
[demo.web3canvas.com/themeforest/tomato/js/animation.js]
[demo.web3canvas.com/themeforest/tomato/js/vendor/vegas/vegas.min.js]
[demo.web3canvas.com/themeforest/tomato/js/vendor/jquery.mb.YTPlayer.js]
[demo.web3canvas.com/themeforest/tomato/js/vendor/jquery.stellar.js]
[demo.web3canvas.com/themeforest/tomato/js/vendor/mc/jquery.ketchup.all.min.js]
[demo.web3canvas.com/themeforest/tomato/js/vendor/mc/main.js]
[demo.web3canvas.com/themeforest/tomato/js/vendor/validate.js]
[demo.web3canvas.com/themeforest/tomato/js/reservation.js]
[demo.web3canvas.com/themeforest/tomato/index.html]
[demo.web3canvas.com/themeforest/tomato/js/main.js]
[demo.web3canvas.com/themeforest/tomato/fonts/glyphicons-halflings-regular.eot]
[demo.web3canvas.com/themeforest/tomato/fonts/glyphicons-halflings-regulard41d.eot]
[demo.web3canvas.com/themeforest/tomato/fonts/glyphicons-halflings-regular.woff]
[demo.web3canvas.com/themeforest/tomato/fonts/glyphicons-halflings-regular.ttf]
[demo.web3canvas.com/themeforest/tomato/css/bootstrap.min.css]
[demo.web3canvas.com/themeforest/tomato/fonts/glyphicons-halflings-regular.svg]
[demo.web3canvas.com/themeforest/tomato/css/font-awesome/fonts/fontawesome-webfont93e3.eot]
[demo.web3canvas.com/themeforest/tomato/css/font-awesome/fonts/fontawesome-webfontd41d.eot]
[demo.web3canvas.com/themeforest/tomato/css/font-awesome/fonts/fontawesome-webfont93e3.woff2]
[demo.web3canvas.com/themeforest/tomato/css/font-awesome/fonts/fontawesome-webfont93e3.woff]
[demo.web3canvas.com/themeforest/tomato/css/font-awesome/fonts/fontawesome-webfont93e3.ttf]
[demo.web3canvas.com/themeforest/tomato/css/font-awesome/css/font-awesome.css]
[demo.web3canvas.com/themeforest/tomato/css/font-awesome/fonts/fontawesome-webfont93e3.svg]
[demo.web3canvas.com/themeforest/tomato/fonts/flexslider-icon.eot]
[demo.web3canvas.com/themeforest/tomato/fonts/flexslider-icond41d.eot]
[demo.web3canvas.com/themeforest/tomato/fonts/flexslider-icon.woff]
[demo.web3canvas.com/themeforest/tomato/fonts/flexslider-icon.ttf]
[demo.web3canvas.com/themeforest/tomato/fonts/flexslider-icon.svg]
[demo.web3canvas.com/themeforest/tomato/css/owl.video.play.png]
[demo.web3canvas.com/themeforest/tomato/img/ajax-loader.gif]
[demo.web3canvas.com/themeforest/tomato/fonts/slick.eot]
[demo.web3canvas.com/themeforest/tomato/fonts/slickd41d.eot]
[demo.web3canvas.com/themeforest/tomato/fonts/slick.woff]
[demo.web3canvas.com/themeforest/tomato/fonts/slick.ttf]
[demo.web3canvas.com/themeforest/tomato/css/plugin.css]
[demo.web3canvas.com/themeforest/tomato/fonts/slick.svg]
[demo.web3canvas.com/themeforest/tomato/css/settings-panel.css]
[demo.web3canvas.com/themeforest/tomato/img/bg6.png]
[demo.web3canvas.com/themeforest/tomato/img/bg2.png]
[demo.web3canvas.com/themeforest/tomato/img/bg3.png]
[demo.web3canvas.com/themeforest/tomato/img/zigzag.svg]
[demo.web3canvas.com/themeforest/tomato/img/bg4.png]
[demo.web3canvas.com/themeforest/tomato/img/bg5.png]
[demo.web3canvas.com/themeforest/tomato/img/header/1.jpg]
[demo.web3canvas.com/themeforest/tomato/img/services.jpg]
[demo.web3canvas.com/themeforest/tomato/img/xtra/product-bg.png]
[demo.web3canvas.com/themeforest/tomato/js/vendor/vegas/overlays/08.png]
[demo.web3canvas.com/themeforest/tomato/img/pattern/wood_pattern.png]
[demo.web3canvas.com/themeforest/tomato/css/main.css]
[demo.web3canvas.com/themeforest/tomato/POST]
[connect.facebook.net/en_US/fbevents.js]
[demo.web3canvas.com/themeforest/tomato/img/preloader.svg]
[demo.web3canvas.com/themeforest/tomato/index_slider.html]
[demo.web3canvas.com/themeforest/tomato/index_video.html]
[demo.web3canvas.com/themeforest/tomato/index_parallax.html]
[demo.web3canvas.com/themeforest/tomato/index_animation.html]
[demo.web3canvas.com/themeforest/tomato/js/vendor/vegas/vegas.min.css]
[demo.web3canvas.com/themeforest/tomato/img/menu/1/1.jpg]
[demo.web3canvas.com/themeforest/tomato/img/menu/1/2.jpg]
[demo.web3canvas.com/themeforest/tomato/img/menu/1/3.jpg]
[demo.web3canvas.com/themeforest/tomato/img/menu/1/4.jpg]
[demo.web3canvas.com/themeforest/tomato/img/menu/1/5.jpg]
[demo.web3canvas.com/themeforest/tomato/img/menu/1/6.jpg]
[demo.web3canvas.com/themeforest/tomato/img/menu/2/1.jpg]
[demo.web3canvas.com/themeforest/tomato/img/menu/2/2.jpg]
[demo.web3canvas.com/themeforest/tomato/img/menu/2/3.jpg]
[demo.web3canvas.com/themeforest/tomato/img/menu/2/4.jpg]
[demo.web3canvas.com/themeforest/tomato/img/menu/2/5.jpg]
[demo.web3canvas.com/themeforest/tomato/img/menu/2/6.jpg]
[demo.web3canvas.com/themeforest/tomato/img/menu/2/7.jpg]
[demo.web3canvas.com/themeforest/tomato/img/menu/2/8.jpg]
[demo.web3canvas.com/themeforest/tomato/menu_all.html]
[demo.web3canvas.com/themeforest/tomato/menu_list.html]
[demo.web3canvas.com/themeforest/tomato/menu_overlay.html]
[demo.web3canvas.com/themeforest/tomato/menu_tile.html]
[demo.web3canvas.com/themeforest/tomato/menu_grid.html]
[demo.web3canvas.com/themeforest/tomato/reservation.html]
[demo.web3canvas.com/themeforest/tomato/reservation-ot.html]
[demo.web3canvas.com/themeforest/tomato/img/about.png]
[demo.web3canvas.com/themeforest/tomato/img/ico1.png]
[demo.web3canvas.com/themeforest/tomato/img/ico2.png]
[demo.web3canvas.com/themeforest/tomato/img/team/1.png]
[demo.web3canvas.com/themeforest/tomato/img/team/2.png]
[demo.web3canvas.com/themeforest/tomato/img/team/3.png]
[demo.web3canvas.com/themeforest/tomato/img/team/4.png]
[demo.web3canvas.com/themeforest/tomato/about.html]
[demo.web3canvas.com/themeforest/tomato/img/gallery/1.jpg]
[demo.web3canvas.com/themeforest/tomato/img/gallery/2.jpg]
[demo.web3canvas.com/themeforest/tomato/img/gallery/4.jpg]
[demo.web3canvas.com/themeforest/tomato/img/gallery/5.jpg]
[demo.web3canvas.com/themeforest/tomato/img/gallery/6.jpg]
[demo.web3canvas.com/themeforest/tomato/img/gallery/3.jpg]
[demo.web3canvas.com/themeforest/tomato/gallery.html]
[demo.web3canvas.com/themeforest/tomato/elements.html]
[demo.web3canvas.com/themeforest/tomato/shop_account.html]
[demo.web3canvas.com/themeforest/tomato/404.html]
[demo.web3canvas.com/themeforest/tomato/img/recipie/1.jpg]
[demo.web3canvas.com/themeforest/tomato/img/recipie/2.jpg]
[demo.web3canvas.com/themeforest/tomato/img/recipie/3.jpg]
[demo.web3canvas.com/themeforest/tomato/img/recipie/4.jpg]
[demo.web3canvas.com/themeforest/tomato/img/recipie/5.jpg]
[demo.web3canvas.com/themeforest/tomato/img/recipie/6.jpg]
[demo.web3canvas.com/themeforest/tomato/img/recipie/1/1.jpg]
[demo.web3canvas.com/themeforest/tomato/img/recipie/1/2.jpg]
[demo.web3canvas.com/themeforest/tomato/img/recipie/1/3.jpg]
[demo.web3canvas.com/themeforest/tomato/img/recipie/1/4.jpg]
[demo.web3canvas.com/themeforest/tomato/recipe.html]
[demo.web3canvas.com/themeforest/tomato/recipe_3col.html]
[demo.web3canvas.com/themeforest/tomato/recipe_4col.html]
[demo.web3canvas.com/themeforest/tomato/recipe_masonry.html]
[demo.web3canvas.com/themeforest/tomato/img/recipie/single/1.jpg]
[demo.web3canvas.com/themeforest/tomato/recipe_detail-image.html]
[demo.web3canvas.com/themeforest/tomato/img/recipie/single/2.jpg]
[demo.web3canvas.com/themeforest/tomato/img/recipie/single/3.jpg]
[demo.web3canvas.com/themeforest/tomato/img/recipie/single/4.jpg]
[demo.web3canvas.com/themeforest/tomato/img/recipie/single/5.jpg]
[demo.web3canvas.com/themeforest/tomato/img/recipie/single/6.jpg]
[demo.web3canvas.com/themeforest/tomato/img/recipie/single/7.jpg]
[demo.web3canvas.com/themeforest/tomato/recipe_detail-slider.html]
[demo.web3canvas.com/themeforest/tomato/recipe_detail-video.html]
[demo.web3canvas.com/themeforest/tomato/img/blog/1.jpg]
[demo.web3canvas.com/themeforest/tomato/img/blog/2.jpg]
[demo.web3canvas.com/themeforest/tomato/img/blog/3.jpg]
[demo.web3canvas.com/themeforest/tomato/img/blog/1/1.jpg]
[demo.web3canvas.com/themeforest/tomato/img/blog/1/2.jpg]
[demo.web3canvas.com/themeforest/tomato/img/blog/1/3.jpg]
[demo.web3canvas.com/themeforest/tomato/blog_right_sidebar.html]
[demo.web3canvas.com/themeforest/tomato/blog_left_sidebar.html]
[demo.web3canvas.com/themeforest/tomato/blog_fullwidth.html]
[demo.web3canvas.com/themeforest/tomato/blog_masonry.html]
[demo.web3canvas.com/themeforest/tomato/img/xtra/1.jpg]
[demo.web3canvas.com/themeforest/tomato/img/xtra/2.jpg]
[demo.web3canvas.com/themeforest/tomato/blog_single_image.html]
[demo.web3canvas.com/themeforest/tomato/blog_single_slider.html]
[demo.web3canvas.com/themeforest/tomato/blog_single_video.html]
[demo.web3canvas.com/themeforest/tomato/img/shop/1.png]
[demo.web3canvas.com/themeforest/tomato/img/shop/2.png]
[demo.web3canvas.com/themeforest/tomato/img/shop/3.png]
[demo.web3canvas.com/themeforest/tomato/img/shop/4.png]
[demo.web3canvas.com/themeforest/tomato/img/shop/5.png]
[demo.web3canvas.com/themeforest/tomato/img/shop/6.png]
[demo.web3canvas.com/themeforest/tomato/img/shop/7.png]
[demo.web3canvas.com/themeforest/tomato/img/shop/8.png]
[demo.web3canvas.com/themeforest/tomato/img/shop/9.png]
[demo.web3canvas.com/themeforest/tomato/shop_fullwidth.html]
[demo.web3canvas.com/themeforest/tomato/img/shop/1/1.png]
[demo.web3canvas.com/themeforest/tomato/img/shop/1/2.png]
[demo.web3canvas.com/themeforest/tomato/img/shop/1/3.png]
[demo.web3canvas.com/themeforest/tomato/shop_left_sidebar.html]
[demo.web3canvas.com/themeforest/tomato/shop_right_sidebar.html]
[demo.web3canvas.com/themeforest/tomato/img/shop/single/1.jpg]
[demo.web3canvas.com/themeforest/tomato/img/shop/single/2.jpg]
[demo.web3canvas.com/themeforest/tomato/img/shop/single/3.jpg]
[demo.web3canvas.com/themeforest/tomato/shop_single_full.html]
[demo.web3canvas.com/themeforest/tomato/shop_single_left.html]
[demo.web3canvas.com/themeforest/tomato/shop_single_right.html]
[demo.web3canvas.com/themeforest/tomato/shop_cart.html]
[demo.web3canvas.com/themeforest/tomato/shop_checkout.html]
[demo.web3canvas.com/themeforest/tomato/shop_account_detail.html]
[demo.web3canvas.com/themeforest/tomato/js/vendor/map.js]
[demo.web3canvas.com/themeforest/tomato/contact.html]
[demo.web3canvas.com/themeforest/tomato/fonts/glyphicons-halflings-regular.svg]
[demo.web3canvas.com/themeforest/tomato/css/font-awesome/fonts/fontawesome-webfont93e3.svg]
[demo.web3canvas.com/themeforest/tomato/fonts/flexslider-icon.svg]
[demo.web3canvas.com/themeforest/tomato/css/owl.video.play.html]
[demo.web3canvas.com/themeforest/tomato/fonts/slick.svg]
[demo.web3canvas.com/themeforest/tomato/js/contact.js]
[demo.web3canvas.com/themeforest/tomato/img/pattern/shattered.png]
[demo.web3canvas.com/themeforest/tomato/img/pattern/vichy.png]
[demo.web3canvas.com/themeforest/tomato/img/pattern/random_grey_variations.png]
[demo.web3canvas.com/themeforest/tomato/img/pattern/irongrip.png]
[demo.web3canvas.com/themeforest/tomato/img/pattern/gplaypattern.png]
[demo.web3canvas.com/themeforest/tomato/img/pattern/diamond_upholstery.png]
[demo.web3canvas.com/themeforest/tomato/img/pattern/denim.png]
[demo.web3canvas.com/themeforest/tomato/img/pattern/crissXcross.png]
[demo.web3canvas.com/themeforest/tomato/img/pattern/climpek.png]
[demo.web3canvas.com/themeforest/tomato/css/settings-panel.css]
[demo.web3canvas.com/themeforest/tomato/img/zigzag.svg]
[demo.web3canvas.com/themeforest/tomato/POST.html]
[demo.web3canvas.com/themeforest/tomato/js/vendor/vegas/overlays/02.png]
[demo.web3canvas.com/themeforest/tomato/js/vendor/vegas/vegas.min.css]
